===== ANALYSE DES CHALLENGES =====

Nombre total de Pokémon : 533
Nombre total de challenges : 8

===== SYNTHÈSE GLOBALE =====
Pokémon présents dans ≥1 challenge : 123 / 533
Pokémon surreprésentés (≥2 challenges) : 16 / 533
Pokémon absents (0 challenge) : 410 / 533

----- Vérification des challenges -----

Challenge 1 - Poké Fiertés
  Nombre de Pokémon listés : 15
  ✓ Tous les index correspondent à un Pokémon.

Challenge 2 - Quizz Découverte de Kanto
  Nombre de Pokémon listés : 10
  ✓ Tous les index correspondent à un Pokémon.

Challenge 3 - Quizz Découverte de Johto
  Nombre de Pokémon listés : 10
  ✓ Tous les index correspondent à un Pokémon.

Challenge 4 - Quizz Découverte de Hoenn
  Nombre de Pokémon listés : 10
  ✓ Tous les index correspondent à un Pokémon.

Challenge 5 - Quizz Découverte de Sinnoh
  Nombre de Pokémon listés : 10
  ✓ Tous les index correspondent à un Pokémon.

Challenge 6 - Quizz Venimeux
  Nombre de Pokémon listés : 25
  ✓ Tous les index correspondent à un Pokémon.

Challenge 7 - Quizz Rayon de soleil
  Nombre de Pokémon listés : 30
  ✓ Tous les index correspondent à un Pokémon.

Challenge 8 - Quizz Clair de lune
  Nombre de Pokémon listés : 30
  ✓ Tous les index correspondent à un Pokémon.


----- Pokémon présents dans au moins un challenge -----
1 - Bulbizarre
3 - Florizarre
4 - Salamèche
6 - Dracaufeu
7 - Carapuce
12 - Papilusion
24 - Arbok
25 - Pikachu
26 - Raichu
26-B - Raichu d'Alola
028-B - Sablaireau d'Alola
31 - Nidoqueen
35 - Mélofée
36 - Mélodelfe
038-B - Feunard d'Alola
38 - Feunard
39 - Rondoudou
43 - Mystherbe
47 - Parasect
52 - Miaouss
67 - Machopeur
73 - Tentacruel
76 - Grolem
078-B - Galopa de Galar
080-B - Flagadoss de Galar
089-B - Grotadmorv d'Alola
89 - Grotadmorv
91 - Crustabri
94 - Ectoplasma
100 - Voltorbe
109 - Smogo
110 - Smogogo
110-B - Smogogo de Galar
121 - Staross
124 - Lippoutou
126 - Magmar
127 - Scarabrute
136 - Pyroli
146 - Sulfura
152 - Germignon
155 - Héricendre
157-B - Typhlosion de Hisui
158 - Kaiminus
164 - Noarfang
169 - Nostenfer
173 - Mélo
175 - Togepi
180 - Lainergie
192 - Héliatronc
194 - Axoloto
196 - Mentali
197 - Noctali
199 - Roigada
199-B - Roigada de Galar
201 - Zarbi
206 - Insolourdo
208 - Steelix
211 - Qwilfish
211-B - Qwilfish de Hisui
215-B - Farfuret de Hisui
217 - Ursaring
218 - Limagma
235 - Queulorior
238 - Lippouti
239 - Élekid
244 - Entei
249 - Lugia
250 - Ho-Oh
251 - Celebi
282 - Gardevoir
301 - Delcatty
303 - Mysdibule
314 - Lumivole
315 - Roselia
317 - Avaltout
323 - Camérupt
324 - Chartor
327 - Spinda
335 - Mangriff
336 - Seviper
337 - Séléroc
338 - Solaroc
342 - Colhomard
359 - Absol
370 - Lovdisc
377 - Regirock
380 - Latias
381 - Latios
383 - Groudon
385 - Jirachi
386 - Deoxys
387 - Tortipouss
390 - Ouisticram
392 - Simiabraz
393 - Tiplouf
399 - Keunotor
404 - Luxio
406 - Rozbouton
407 - Roserade
414 - Papilord
418 - Mustébouée
420 - Ceribou
421 - Ceriflor
428 - Lockpin
430 - Corboss
431 - Chaglam
434 - Moufouette
441 - Pijako
445 - Carchacrok
448 - Lucario
449 - Hippopotas
452 - Drascore
454 - Coatox
462 - Magnézone
467 - Maganon
468 - Togekiss
483 - Dialga
484 - Palkia
485 - Heatran
488 - Cresselia
491 - Darkrai
492 - Shaymin
493 - Arceus


----- Pokémon surreprésentés (≥ 2 challenges) -----
152 - Germignon | Challenges : Quizz Découverte de Johto, Quizz Découverte de Hoenn
155 - Héricendre | Challenges : Quizz Découverte de Johto, Quizz Découverte de Hoenn
158 - Kaiminus | Challenges : Quizz Découverte de Johto, Quizz Découverte de Hoenn
175 - Togepi | Challenges : Quizz Découverte de Johto, Quizz Découverte de Hoenn
180 - Lainergie | Challenges : Quizz Découverte de Johto, Quizz Découverte de Hoenn
192 - Héliatronc | Challenges : Quizz Découverte de Johto, Quizz Découverte de Hoenn, Quizz Rayon de soleil
197 - Noctali | Challenges : Poké Fiertés, Quizz Clair de lune
199 - Roigada | Challenges : Quizz Découverte de Johto, Quizz Découverte de Hoenn
201 - Zarbi | Challenges : Quizz Découverte de Johto, Quizz Découverte de Hoenn
206 - Insolourdo | Challenges : Quizz Découverte de Johto, Quizz Découverte de Hoenn
208 - Steelix | Challenges : Quizz Découverte de Johto, Quizz Découverte de Hoenn
235 - Queulorior | Challenges : Poké Fiertés, Quizz Clair de lune
250 - Ho-Oh | Challenges : Poké Fiertés, Quizz Rayon de soleil
282 - Gardevoir | Challenges : Poké Fiertés, Quizz Clair de lune
407 - Roserade | Challenges : Quizz Venimeux, Quizz Rayon de soleil
491 - Darkrai | Challenges : Quizz Découverte de Sinnoh, Quizz Clair de lune


----- Pokémon absents de tous les challenges -----
2 - Herbizarre
5 - Reptincel
8 - Carabaffe
9 - Tortank
10 - Chenipan
11 - Chrysacier
13 - Aspicot
14 - Coconfort
15 - Dardargnan
16 - Roucool
17 - Roucoups
18 - Roucarnage
19 - Rattata
19-B - Rattata d'Alola
20 - Rattatac
20-B - Rattatac d'Alola
21 - Piafabec
22 - Rapasdepic
23 - Abo
027-B - Sabelette d'Alola
27 - Sabelette
28 - Sablaireau
29 - Nidoran femelle
30 - Nidorina
32 - Nidoran mâle
33 - Nidorino
34 - Nidoking
037-B - Goupix d'Alola
37 - Goupix
40 - Grodoudou
41 - Nosferapti
42 - Nosferalto
44 - Ortide
45 - Rafflesia
46 - Paras
48 - Mimitoss
49 - Aéromite
050-B - Taupiqueur d'Alola
50 - Taupiqueur
051-B - Triopikeur d'Alola
51 - Triopikeur
052-B - Miaouss d'Alola
052-C - Miaouss de Galar
053-B - Persian d'Alola
53 - Persian
54 - Psykokwak
55 - Akwakwak
56 - Férosinge
57 - Colossinge
058-B - Caninos d'Hisui
58 - Caninos
059-B - Arcanin d'Hisui
59 - Arcanin
60 - Ptitard
61 - Têtarte
62 - Tartard
63 - Abra
64 - Kadabra
65 - Alakazam
66 - Machoc
68 - Mackogneur
69 - Chétiflor
70 - Boustiflor
71 - Empiflor
72 - Tentacool
074-B - Racaillou d'Alola
74 - Racaillou
075-B - Gravalanch d'Alola
75 - Gravalanch
076-B - Grolem d'Alola
077-B - Ponyta de Galar
77 - Ponyta
78 - Galopa
079-B - Ramoloss de Galar
79 - Ramoloss
80 - Flagadoss
81 - Magnéti
82 - Magnéton
083-B - Canarticho de Galar
83 - Canarticho
84 - Doduo
85 - Dodrio
86 - Otaria
87 - Lamantine
088-B - Tadmorv d'Alola
88 - Tadmorv
90 - Kokiyas
92 - Fantominus
93 - Spectrum
95 - Onix
96 - Soporifik
97 - Hypnomade
98 - Krabby
99 - Krabboss
100-B - Voltorbe d'Hisui
101 - Électrode
101-B - Électrode d'Hisui
102 - Noeunoeuf
103 - Noadkoko
103-B - Noadkoko d'Alola
104 - Osselait
105 - Ossatueur
105-B - Ossatueur d'Alola
106 - Kicklee
107 - Tygnon
108 - Excelangue
111 - Rhinocorne
112 - Rhinoféros
113 - Leveinard
114 - Saquedeneu
115 - Kangourex
116 - Hypotrempe
117 - Hypocéan
118 - Poissirène
119 - Poissoroy
120 - Stari
122 - M. Mime
122-B - M. Mime de Galar
123 - Insécateur
125 - Élektek
128 - Tauros
128-B - Tauros de Paldea
129 - Magicarpe
130 - Léviator
131 - Lokhlass
132 - Métamorph
133 - Évoli
134 - Aquali
135 - Voltali
137 - Porygon
138 - Amonita
139 - Amonistar
140 - Kabuto
141 - Kabutops
142 - Ptéra
143 - Ronflex
144 - Artikodin
144-B - Artikodin de Galar
145 - Électhor
145-B - Électhor de Galar
146-B - Sulfura de Galar
147 - Minidraco
148 - Draco
149 - Dracolosse
150 - Mewtwo
151 - Mew
153 - Macronium
154 - Méganium
156 - Feurisson
157 - Typhlosion
159 - Crocrodil
160 - Aligatueur
161 - Fouinette
162 - Fouinar
163 - Hoothoot
165 - Coxy
166 - Coxyclaque
167 - Mimigal
168 - Migalos
170 - Loupio
171 - Lanturn
172 - Pichu
174 - Toudoudou
176 - Togetic
177 - Natu
178 - Xatu
179 - Wattouat
181 - Pharamp
182 - Joliflor
183 - Marill
184 - Azumarill
185 - Simularbre
186 - Tarpaud
187 - Granivol
188 - Floravol
189 - Cotovol
190 - Capumain
191 - Tournegrin
193 - Yanma
194-B - Axoloto de Paldea
195 - Maraiste
198 - Cornèbre
200 - Feuforêve
202 - Qulbutoké
203 - Girafarig
204 - Pomdepik
205 - Foretress
207 - Scorplane
209 - Snubbull
210 - Granbull
212 - Cizayox
213 - Caratroc
214 - Scarhino
215 - Farfuret
216 - Teddiursa
219 - Volcaropod
220 - Marcacrin
221 - Cochignon
222 - Corayon
222-B - Corayon de Galar
223 - Rémoraid
224 - Octillery
225 - Cadoizo
226 - Démanta
227 - Airmure
228 - Malosse
229 - Démolosse
230 - Hyporoi
231 - Phanpy
232 - Donphan
233 - Porygon2
234 - Cerfrousse
236 - Debugant
237 - Kapoera
240 - Magby
241 - Écrémeuh
242 - Leuphorie
243 - Raikou
245 - Suicune
246 - Embrylex
247 - Ymphect
248 - Tyranocif
252 - Arcko
253 - Massko
254 - Jungko
255 - Poussifeu
256 - Galifeu
257 - Braségali
258 - Gobou
259 - Flobio
260 - Laggron
261 - Medhyèna
262 - Grahyèna
263 - Zigzaton
264 - Linéon
265 - Chenipotte
266 - Armulys
267 - Charmillon
268 - Blindalys
269 - Papinox
270 - Nénupiot
271 - Lombre
272 - Ludicolo
273 - Grainipiot
274 - Pifeuil
275 - Tengalice
276 - Nirondelle
277 - Hélédelle
278 - Goélise
279 - Bekipan
280 - Tarsal
281 - Kirlia
283 - Arakdo
284 - Maskadra
285 - Balignon
286 - Chapignon
287 - Parecool
288 - Vigoroth
289 - Monaflèmit
290 - Ningale
291 - Ninjask
292 - Munja
293 - Chuchmur
294 - Ramboum
295 - Brouhabam
296 - Makuhita
297 - Hariyama
298 - Azurill
299 - Tarinor
300 - Skitty
302 - Ténéfix
304 - Galekid
305 - Galegon
306 - Galeking
307 - Meditikka
308 - Charmina
309 - Dynavolt
310 - Élecsprint
311 - Posipi
312 - Négapi
313 - Muciole
316 - Gloupti
318 - Carvanha
319 - Sharpedo
320 - Wailmer
321 - Wailord
322 - Chamallot
325 - Spoink
326 - Groret
328 - Kraknoix
329 - Vibraninf
330 - Libégon
331 - Cacnea
332 - Cacturne
333 - Tylton
334 - Altaria
339 - Barloche
340 - Barbicha
341 - Écrapince
343 - Balbuto
344 - Kaorine
345 - Lilia
346 - Vacilys
347 - Anorith
348 - Armaldo
349 - Barpau
350 - Milobellus
351 - Morphéo
352 - Kecleon
353 - Polichombr
354 - Branette
355 - Skelénox
356 - Téraclope
357 - Tropius
358 - Éoko
360 - Okéoké
361 - Stalgamin
362 - Oniglali
363 - Obalie
364 - Phogleur
365 - Kaimorse
366 - Coquiperl
367 - Serpang
368 - Rosabyss
369 - Relicanth
371 - Draby
372 - Drackhaus
373 - Drattak
374 - Terhal
375 - Métang
376 - Métalosse
378 - Regice
379 - Registeel
382 - Kyogre
384 - Rayquaza
388 - Boskara
389 - Torterra
391 - Chimpenfeu
394 - Prinplouf
395 - Pingoléon
396 - Étourmi
397 - Étourvol
398 - Étouraptor
400 - Castorno
401 - Crikzik
402 - Mélokrik
403 - Lixy
405 - Luxray
408 - Kranidos
409 - Charkos
410 - Dinoclier
411 - Bastiodon
412 - Cheniti
413 - Cheniselle
415 - Apitrini
416 - Apireine
417 - Pachirisu
419 - Mustéflott
422 - Sancoki
423 - Tritosor
424 - Capidextre
425 - Baudrive
426 - Grodrive
427 - Laporeille
429 - Magirêve
432 - Chaffreux
433 - Korillon
435 - Moufflair
436 - Archéomire
437 - Archéodong
438 - Manzaï
439 - Mime Jr.
440 - Ptiravi
442 - Spiritomb
443 - Griknot
444 - Carmache
446 - Goinfrex
447 - Riolu
450 - Hippodocus
451 - Rapion
453 - Cradopaud
455 - Vortente
456 - Écayon
457 - Luminéon
458 - Babimanta
459 - Blizzi
460 - Blizzaroi
461 - Dimoret
463 - Coudlangue
464 - Rhinastoc
465 - Bouldeneu
466 - Élekable
469 - Yanmega
470 - Phyllali
471 - Givrali
472 - Scorvol
473 - Mammochon
474 - Porygon-Z
475 - Gallame
476 - Tarinorme
477 - Noctunoir
478 - Momartik
479 - Motisma
480 - Créhelf
481 - Créfollet
482 - Créfadet
486 - Regigigas
487 - Giratina
489 - Phione
490 - Manaphy
